# serializer version: 1
# name: test_parse_albums[infest]
  Album(id='70b7288088b42d318f75dbcc41fd0091', item_type=<ItemType.MusicAlbum: 'MusicAlbum'>, name='Infest', media_type='Unknown', sort_name='infest', provider_ids={'MusicBrainzAlbum': 'bf25b030-0cbb-495a-8d79-6c7fee20a089', 'MusicBrainzReleaseGroup': '0193355a-cdfb-3936-afd2-44d651eb006d', 'MusicBrainzAlbumArtist': 'c5eb9407-caeb-4303-b383-6929aa94021c'}, run_time_ticks=27614273019, image_tags={<ImageType.Primary: 'Primary'>: 'bcbe1ac159b0522743c9a0fe5401f948'}, backdrop_image_tags=[], user_data=UserData(IsFavorite=False), overview=None, index_number=None, CanDownload=False, ProductionYear=2000, ArtistItems=[ArtistItem(Id='e439648e08ade14e27d5de48fa97c88e', Name='Papa Roach')], AlbumArtists=[ArtistItem(Id='e439648e08ade14e27d5de48fa97c88e', Name='Papa Roach')])
# ---
# name: test_parse_albums[this_is_christmas]
  Album(id='32ed6a0091733dcff57eae67010f3d4b', item_type=<ItemType.MusicAlbum: 'MusicAlbum'>, name='This Is Christmas', media_type='Unknown', sort_name='this is christmas', provider_ids={'MusicBrainzAlbum': 'b13a174d-527d-44a1-b8f8-a4c78b03b7d9', 'MusicBrainzReleaseGroup': 'f002d6b7-17af-4f9e-8d30-5486548ffe6f', 'MusicBrainzAlbumArtist': '60bbceb2-0ddc-403b-970b-b4e9c3b2de5c/827b9ff1-56f8-4614-9261-a08de5fc1be0'}, run_time_ticks=18722017229, image_tags={<ImageType.Primary: 'Primary'>: 'b685ba2b9247aca1ea66dda557bb8f54'}, backdrop_image_tags=[], user_data=UserData(IsFavorite=False), overview=None, index_number=None, CanDownload=None, ProductionYear=2011, ArtistItems=[ArtistItem(Id='a0c459294295710546c81c20a8d9abfc', Name='Emmy the Great'), ArtistItem(Id='1952db245ddef4e41dcd016475379190', Name='Tim Wheeler')], AlbumArtists=[ArtistItem(Id='555b36f7d310d1b7405557a8775c6878', Name='Emmy the Great & Tim Wheeler')])
# ---
# name: test_parse_albums[yesterday_when_i_was_mad]
  Album(id='7c8d0bd55291c7fc0451d17ebef30017', item_type=<ItemType.MusicAlbum: 'MusicAlbum'>, name='Yesterday, When I Was Mad [Disc 2]', media_type='Unknown', sort_name='yesterday when i was mad [disc 0000000002]', provider_ids={}, run_time_ticks=0, image_tags={}, backdrop_image_tags=[], user_data=UserData(IsFavorite=False), overview=None, index_number=None, CanDownload=None, ProductionYear=None, ArtistItems=[], AlbumArtists=[])
# ---
# name: test_parse_artists[ash]
  Artist(id='dd954bbf54398e247d803186d3585b79', item_type=<ItemType.MusicArtist: 'MusicArtist'>, name='Ash', media_type='Unknown', sort_name='ash', provider_ids={'MusicBrainzArtist': '99164692-c02d-407c-81c9-25d338dd21f4'}, run_time_ticks=509234691363, image_tags={<ImageType.Primary: 'Primary'>: '8a543e58fda6d2f374263a4dcd0d2fbd', <ImageType.Logo: 'Logo'>: '662f82868ad2964190daea171f3fcf08'}, backdrop_image_tags=['8a4c3c67629b28673de7af433a1efd68'], user_data=UserData(IsFavorite=False), overview=None, index_number=None)
# ---
# name: test_parse_tracks[thrown_away]
  Track(id='b5319fb11cde39fca2023184fcfa9862', item_type=<ItemType.Audio: 'Audio'>, name='11 Thrown Away', media_type='Audio', sort_name='0000 - 0000 - 11 Thrown Away', provider_ids={}, run_time_ticks=5777763270, image_tags={}, backdrop_image_tags=[], user_data=UserData(IsFavorite=False), overview=None, index_number=0, AlbumId='70b7288088b42d318f75dbcc41fd0091', Album=None, AlbumArtist=None, CanDownload=True, ProductionYear=None, ParentIndexNumber=0, MediaSources=[MediaSource(Protocol=<MediaProtocol.File: 'File'>, Id='b5319fb11cde39fca2023184fcfa9862', Path='/media/music/Papa Roach/Infest/11 Thrown Away.m4a', Type=<MediaSourceType.Default: 'Default'>, Container='mp3', Size=11283443, Name='11 Thrown Away', SupportsDirectPlay=True, SupportsDirectStream=True, SupportsTranscoding=True, MediaStreams=[AudioMediaStream(codec='mp3', time_base='1/14112000', audio_spacial_format=None, is_interlaced=False, is_avc=False, is_default=False, is_forced=False, is_hearing_impaired=False, profile=None, media_stream_type='Audio', index=0, is_external=False, is_text_subtitle_stream=False, supports_external_stream=False, level=0, CodecTag=None, Language=None, DisplayTitle='MP3 - Stereo', ChannelLayout='stereo', BitRate=156231, Channels=2, SampleRate=44100)])], MediaStreams=[AudioMediaStream(codec='mp3', time_base='1/14112000', audio_spacial_format=None, is_interlaced=False, is_avc=False, is_default=False, is_forced=False, is_hearing_impaired=False, profile=None, media_stream_type='Audio', index=0, is_external=False, is_text_subtitle_stream=False, supports_external_stream=False, level=0, CodecTag=None, Language=None, DisplayTitle='MP3 - Stereo', ChannelLayout='stereo', BitRate=156231, Channels=2, SampleRate=44100)], NormalizationGain=None, ArtistItems=[], AlbumArtists=[])
# ---
# name: test_parse_tracks[where_the_bands_are]
  Track(id='54918f75ee8f6c8b8dc5efd680644f29', item_type=<ItemType.Audio: 'Audio'>, name='Where the Bands Are (2018 Version)', media_type='Audio', sort_name='0001 - 0001 - Where the Bands Are (2018 Version)', provider_ids={}, run_time_ticks=2464333790, image_tags={<ImageType.Primary: 'Primary'>: 'dbd792d6c27313d01ed7c2dce85f785b'}, backdrop_image_tags=[], user_data=UserData(IsFavorite=False), overview=None, index_number=1, AlbumId=None, Album='Where the Bands Are (2018 Version) - Single', AlbumArtist='Dead Like Harry', CanDownload=True, ProductionYear=2018, ParentIndexNumber=1, MediaSources=[MediaSource(Protocol=<MediaProtocol.File: 'File'>, Id='54918f75ee8f6c8b8dc5efd680644f29', Path='/media/music/Dead Like Harry/01 Where the Bands Are (2018 Version).m4a', Type=<MediaSourceType.Default: 'Default'>, Container='m4a', Size=9167268, Name='01 Where the Bands Are (2018 Version)', SupportsDirectPlay=True, SupportsDirectStream=True, SupportsTranscoding=True, MediaStreams=[AudioMediaStream(codec='aac', time_base='1/44100', audio_spacial_format=None, is_interlaced=False, is_avc=False, is_default=True, is_forced=False, is_hearing_impaired=False, profile='LC', media_stream_type='Audio', index=0, is_external=False, is_text_subtitle_stream=False, supports_external_stream=False, level=0, CodecTag='mp4a', Language='eng', DisplayTitle='English - AAC - Stereo - Default', ChannelLayout='stereo', BitRate=278038, Channels=2, SampleRate=44100), EmbeddedImageMediaStream(codec='mjpeg', time_base='1/90000', audio_spacial_format=None, is_interlaced=False, is_avc=False, is_default=False, is_forced=False, is_hearing_impaired=False, profile='Baseline', media_stream_type='EmbeddedImage', index=1, is_external=False, is_text_subtitle_stream=False, supports_external_stream=False, level=-99)])], MediaStreams=[AudioMediaStream(codec='aac', time_base='1/44100', audio_spacial_format=None, is_interlaced=False, is_avc=False, is_default=True, is_forced=False, is_hearing_impaired=False, profile='LC', media_stream_type='Audio', index=0, is_external=False, is_text_subtitle_stream=False, supports_external_stream=False, level=0, CodecTag='mp4a', Language='eng', DisplayTitle='English - AAC - Stereo - Default', ChannelLayout='stereo', BitRate=278038, Channels=2, SampleRate=44100), EmbeddedImageMediaStream(codec='mjpeg', time_base='1/90000', audio_spacial_format=None, is_interlaced=False, is_avc=False, is_default=False, is_forced=False, is_hearing_impaired=False, profile='Baseline', media_stream_type='EmbeddedImage', index=1, is_external=False, is_text_subtitle_stream=False, supports_external_stream=False, level=-99)], NormalizationGain=-10, ArtistItems=[ArtistItem(Id='94875b0dd58cbf5245a135982133651a', Name='Dead Like Harry')], AlbumArtists=[ArtistItem(Id='94875b0dd58cbf5245a135982133651a', Name='Dead Like Harry')])
# ---
# name: test_parse_tracks[zombie_christmas]
  Track(id='fb12a77f49616a9fc56a6fab2b94174c', item_type=<ItemType.Audio: 'Audio'>, name='Zombie Christmas', media_type='Audio', sort_name='0001 - 0008 - Zombie Christmas', provider_ids={'MusicBrainzArtist': '60bbceb2-0ddc-403b-970b-b4e9c3b2de5c/827b9ff1-56f8-4614-9261-a08de5fc1be0', 'MusicBrainzAlbumArtist': '60bbceb2-0ddc-403b-970b-b4e9c3b2de5c/827b9ff1-56f8-4614-9261-a08de5fc1be0', 'MusicBrainzAlbum': 'b13a174d-527d-44a1-b8f8-a4c78b03b7d9', 'MusicBrainzReleaseGroup': 'f002d6b7-17af-4f9e-8d30-5486548ffe6f', 'MusicBrainzTrack': '17d1019d-d4f4-326c-b4bb-d8aec2607bd7'}, run_time_ticks=2249317010, image_tags={<ImageType.Primary: 'Primary'>: 'c8e39ff125c3ba39a5791570dffa4b83'}, backdrop_image_tags=[], user_data=UserData(IsFavorite=False), overview=None, index_number=8, AlbumId='32ed6a0091733dcff57eae67010f3d4b', Album='This Is Christmas', AlbumArtist='Emmy the Great & Tim Wheeler', CanDownload=True, ProductionYear=2011, ParentIndexNumber=1, MediaSources=[MediaSource(Protocol=<MediaProtocol.File: 'File'>, Id='fb12a77f49616a9fc56a6fab2b94174c', Path='/media/music/Emmy the Great & Tim Wheeler/This Is Christmas/8. Zombie Christmas.m4a', Type=<MediaSourceType.Default: 'Default'>, Container='m4a', Size=8225981, Name='8. Zombie Christmas', SupportsDirectPlay=True, SupportsDirectStream=True, SupportsTranscoding=True, MediaStreams=[AudioMediaStream(codec='aac', time_base='1/44100', audio_spacial_format=None, is_interlaced=False, is_avc=False, is_default=True, is_forced=False, is_hearing_impaired=False, profile='LC', media_stream_type='Audio', index=0, is_external=False, is_text_subtitle_stream=False, supports_external_stream=False, level=0, CodecTag='mp4a', Language='eng', DisplayTitle='English - AAC - Stereo - Default', ChannelLayout='stereo', BitRate=267933, Channels=2, SampleRate=44100), EmbeddedImageMediaStream(codec='mjpeg', time_base='1/90000', audio_spacial_format=None, is_interlaced=False, is_avc=False, is_default=False, is_forced=False, is_hearing_impaired=False, profile='Baseline', media_stream_type='EmbeddedImage', index=1, is_external=False, is_text_subtitle_stream=False, supports_external_stream=False, level=-99)])], MediaStreams=[AudioMediaStream(codec='aac', time_base='1/44100', audio_spacial_format=None, is_interlaced=False, is_avc=False, is_default=True, is_forced=False, is_hearing_impaired=False, profile='LC', media_stream_type='Audio', index=0, is_external=False, is_text_subtitle_stream=False, supports_external_stream=False, level=0, CodecTag='mp4a', Language='eng', DisplayTitle='English - AAC - Stereo - Default', ChannelLayout='stereo', BitRate=267933, Channels=2, SampleRate=44100), EmbeddedImageMediaStream(codec='mjpeg', time_base='1/90000', audio_spacial_format=None, is_interlaced=False, is_avc=False, is_default=False, is_forced=False, is_hearing_impaired=False, profile='Baseline', media_stream_type='EmbeddedImage', index=1, is_external=False, is_text_subtitle_stream=False, supports_external_stream=False, level=-99)], NormalizationGain=-11, ArtistItems=[ArtistItem(Id='a0c459294295710546c81c20a8d9abfc', Name='Emmy the Great'), ArtistItem(Id='1952db245ddef4e41dcd016475379190', Name='Tim Wheeler')], AlbumArtists=[ArtistItem(Id='555b36f7d310d1b7405557a8775c6878', Name='Emmy the Great & Tim Wheeler')])
# ---
